Starting Dynare (version 6.5).
Calling Dynare with arguments: noclearall
Starting preprocessing of the model file ...
Found 9 equation(s).
Evaluating expressions...
Computing static model derivatives (order 1).
Normalizing the static model...
Finding the optimal block decomposition of the static model...
6 block(s) found:
  4 recursive block(s) and 2 simultaneous block(s).
  the largest simultaneous block has 3 equation(s)
                                 and 3 feedback variable(s).
Computing dynamic model derivatives (order 2).
Normalizing the dynamic model...
Finding the optimal block decomposition of the dynamic model...
4 block(s) found:
  2 recursive block(s) and 2 simultaneous block(s).
  the largest simultaneous block has 3 equation(s)
                                 and 3 feedback variable(s).
Preprocessing completed.
Preprocessing time: 0h00m00s.
ans =
    5.2500

STEADY-STATE RESULTS:

z       		 0
x       		 0
e       		 0
b_star  		 0
q_tilde 		 0
n_star  		 0
f_star  		 0
i       		 0
g       		 0

EIGENVALUES:
         Modulus             Real        Imaginary
               0                0                0
               0                0                0
             0.7              0.7                0
          0.8368           0.8368                0
          0.9862           0.9862                0
           1.019            1.019                0
       2.307e+16       -2.307e+16                0

There are 2 eigenvalue(s) larger than 1 in modulus for 2 forward-looking variable(s)
The rank condition is verified.

Total computing time : 0h00m00s
