Starting Dynare (version 6.5).
Calling Dynare with arguments: none
Starting preprocessing of the model file ...
Found 10 equation(s).
Evaluating expressions...
Computing static model derivatives (order 1).
Normalizing the static model...
Finding the optimal block decomposition of the static model...
6 block(s) found:
  5 recursive block(s) and 1 simultaneous block(s).
  the largest simultaneous block has 2 equation(s)
                                 and 2 feedback variable(s).
Computing dynamic model derivatives (order 2).
Normalizing the dynamic model...
Finding the optimal block decomposition of the dynamic model...
4 block(s) found:
  3 recursive block(s) and 1 simultaneous block(s).
  the largest simultaneous block has 2 equation(s)
                                 and 2 feedback variable(s).
Preprocessing completed.
Preprocessing time: 0h00m00s.

STEADY-STATE RESULTS:

z       		 0
x       		 0
e       		 0
de      		 0
b_star  		 0
q_tilde 		 0
n_star  		 0
f_star  		 0
i       		 0
g       		 0

EIGENVALUES:
         Modulus             Real        Imaginary
               0                0                0
          0.7974           0.7974                0
          0.8368           0.8368                0
          0.9285           0.9285                0
            1.26             1.26                0
       4.512e+17       -4.512e+17                0

There are 2 eigenvalue(s) larger than 1 in modulus for 2 forward-looking variable(s)
The rank condition is verified.

Total computing time : 0h00m00s
